Microchip MPLAB XC8 Compiler V2.45

Linker command line:

-W-3 \
  --edf=C:/Users/engmo/.mchp_packs/Microchip/PIC18Fxxxx_DFP/1.6.159/xc8\pic\dat\20231017163449_en.msgs \
  -cn -h+dist/default/debug\LIGHTING_MODE_.X.debug.sym \
  --cmf=dist/default/debug\LIGHTING_MODE_.X.debug.cmf -z -Q18F4620 \
  -oC:\Users\engmo\AppData\Local\Temp\xcAsa50.\driver_tmp_3.o \
  --defsym=__MPLAB_BUILD=1 --fixupoverflow=error \
  -Mdist/default/debug/LIGHTING_MODE_.X.debug.map \
  --md=C:\Users\engmo\AppData\Local\Temp\xcAsa50.\driver_tmp_0.dat -E1 \
  -ver=XC8 Compiler --acfsm=1493 -ACODE=00h-0FFFFh -ACONST=00h-0FFFFh \
  -ASMALLCONST=01000h-010FFhx240 -AMEDIUMCONST=01000h-0FFFFh \
  -ACOMRAM=01h-07Fh -AABS1=00h-0F7Fh -ABIGRAM=01h-0F7Fh \
  -ARAM=080h-0FFh,0100h-01FFhx14,0F00h-0F7Fh -ABANK0=080h-0FFh \
  -ABANK1=0100h-01FFh -ABANK2=0200h-02FFh -ABANK3=0300h-03FFh \
  -ABANK4=0400h-04FFh -ABANK5=0500h-05FFh -ABANK6=0600h-06FFh \
  -ABANK7=0700h-07FFh -ABANK8=0800h-08FFh -ABANK9=0900h-09FFh \
  -ABANK10=0A00h-0AFFh -ABANK11=0B00h-0BFFh -ABANK12=0C00h-0CFFh \
  -ABANK13=0D00h-0DFFh -ABANK14=0E00h-0EFFh -ABANK15=0F00h-0F7Fh \
  -ASFR=0F80h-0FFFh -ABIGSFR=0F80h-0FFFh -ACONFIG=0300000h-030000Dh \
  -AIDLOC=0200000h-0200007h -AEEDATA=0F00000h-0F003FFh -peeprom_data=EEDATA \
  -preset_vec=00h,intcode=08h,intcodelo=018h,powerup,init -pramtop=01000h \
  -psmallconst=SMALLCONST -pmediumconst=MEDIUMCONST -pconst=CONST \
  -AFARRAM=00h-00h \
  -prdata=COMRAM,nvrram=COMRAM,nvbit=COMRAM,rbss=COMRAM,rbit=COMRAM \
  -pfarbss=FARRAM,fardata=FARRAM,nvFARRAM=FARRAM \
  -pintsave_regs=BIGRAM,bigbss=BIGRAM,bigdata=BIGRAM -pbss=RAM \
  -pidata=CODE,irdata=CODE,ibigdata=CODE,ifardata=CODE -prparam=COMRAM \
  C:\Users\engmo\AppData\Local\Temp\xcAsa50.\driver_tmp_9.o \
  dist/default/debug\LIGHTING_MODE_.X.debug.o 

Object code version is 3.11

Machine type is 18F4620



                Name                               Link     Load   Length Selector   Space Scale
C:\Users\engmo\AppData\Local\Temp\xcAsa50.\driver_tmp_9.o
                config                           300000   300000        E        0       4
                init                                 26       26        4        C       0
                reset_vec                             0        0        4        0       0
dist/default/debug\LIGHTING_MODE_.X.debug.o
                intcodelo                            18       18        E        C       0
                intcode                               8        8        6        4       0
                config                           300000   300000        E        0       4
                temp                                 4E       4E        1        1       1
                smallconst                         1000     1000        2      800       0
                text10                             1490     1490       2A      9F9       0
                text9                              1460     1460       30      9F9       0
                intcode_body                       142A     142A       36      9F9       0
                text6                              132C     132C       4A      801       0
                text5                              12E2     12E2       4A      801       0
                text4                              1376     1376       42      801       0
                text3                              11A4     11A4       E6      801       0
                text2                              128A     128A       58      801       0
                text1                              14BA     14BA       12      9F9       0
                text0                              1002     1002      1A2      801       0
                cstackCOMRAM                         3A       3A        F        1       1
                dataCOMRAM                            1        1       39        1       1
                bssCOMRAM                            49       49        5        1       1
                cinit                              13F2     13F2       38      9F9       0
                idataCOMRAM                        13B8     13B8       39      801       0

TOTAL           Name                               Link     Load   Length     Space
        CLASS   CODE           
                intcodelo                            18       18        E         0
                intcode                               8        8        6         0
                init                                 26       26        4         0
                reset_vec                             0        0        4         0
                text10                             1490     1490       2A         0
                text9                              1460     1460       30         0
                intcode_body                       142A     142A       36         0
                text6                              132C     132C       4A         0
                text5                              12E2     12E2       4A         0
                text4                              1376     1376       42         0
                text3                              11A4     11A4       E6         0
                text2                              128A     128A       58         0
                text1                              14BA     14BA       12         0
                text0                              1002     1002      1A2         0
                cinit                              13F2     13F2       38         0
                idataCOMRAM                        13B8     13B8       39         0

        CLASS   CONST          

        CLASS   SMALLCONST     
                smallconst                         1000     1000        2         0

        CLASS   MEDIUMCONST    

        CLASS   COMRAM         
                temp                                 4E       4E        1         1
                cstackCOMRAM                         3A       3A        F         1
                dataCOMRAM                            1        1       39         1
                bssCOMRAM                            49       49        5         1

        CLASS   ABS1           

        CLASS   BIGRAM         

        CLASS   RAM            

        CLASS   BANK0          

        CLASS   BANK1          

        CLASS   BANK2          

        CLASS   BANK3          

        CLASS   BANK4          

        CLASS   BANK5          

        CLASS   BANK6          

        CLASS   BANK7          

        CLASS   BANK8          

        CLASS   BANK9          

        CLASS   BANK10         

        CLASS   BANK11         

        CLASS   BANK12         

        CLASS   BANK13         

        CLASS   BANK14         

        CLASS   BANK15         

        CLASS   SFR            

        CLASS   BIGSFR         

        CLASS   CONFIG         
                config                           300000   300000        E         4

        CLASS   IDLOC          

        CLASS   EEDATA         

        CLASS   FARRAM         

        CLASS   HEAP           

        CLASS   STACK          



SEGMENTS        Name                           Load    Length   Top    Selector   Space  Class

                reset_vec                      000000  000004  000004         0       0  CODE    
                dataCOMRAM                     000001  00004E  00004F         1       1  COMRAM  
                intcode                        000008  000006  00000E         4       0  CODE    
                intcodelo                      000018  000012  00002A         C       0  CODE    
                smallconst                     001000  000002  001002       800       0  SMALLCON
                text0                          001002  0003EF  0013F1       801       0  CODE    
                cinit                          0013F2  0000DA  0014CC       9F9       0  CODE    


UNUSED ADDRESS RANGES

        Name                Unused          Largest block    Delta
        BANK0            000080-0000FF               80
        BANK1            000100-0001FF              100
        BANK10           000A00-000AFF              100
        BANK11           000B00-000BFF              100
        BANK12           000C00-000CFF              100
        BANK13           000D00-000DFF              100
        BANK14           000E00-000EFF              100
        BANK15           000F00-000F7F               80
        BANK2            000200-0002FF              100
        BANK3            000300-0003FF              100
        BANK4            000400-0004FF              100
        BANK5            000500-0005FF              100
        BANK6            000600-0006FF              100
        BANK7            000700-0007FF              100
        BANK8            000800-0008FF              100
        BANK9            000900-0009FF              100
        BIGRAM           00004F-000F7F              F31
        BIGSFR           000F80-000FFF               80
        CODE             000004-000007                4
                         00000E-000017                A
                         00002A-000FFF              FD6
                         0013F1-0013F1                1
                         0014CC-00FFFF             EB34
        COMRAM           00004F-00007F               31
        CONST            000004-000007                4
                         00000E-000017                A
                         00002A-000FFF              FD6
                         0013F1-0013F1                1
                         0014CC-00FFFF             EB34
        EEDATA           F00000-F003FF              400
        IDLOC            200000-200007                8
        MEDIUMCONST      0013F1-0013F1                1
                         0014CC-00FFFF             EB34
        RAM              000080-000F7F              100
        SFR              000F80-000FFF               80
        SMALLCONST       0013F1-0013F1                1
                         0014CC-00FFFF              100

                                  Symbol Table

GPIO_PIN_Give_Direction@Ret         cstackCOMRAM 000044
GPIO_PIN_Give_Direction@_direction  cstackCOMRAM 00003E
GPIO_PIN_Give_Direction@_pin        cstackCOMRAM 00003D
GPIO_PORT_Give_Direction@Ret        cstackCOMRAM 000041
GPIO_PORT_Give_Direction@_direction cstackCOMRAM 00003E
GPIO_PORT_Give_Direction@_port      cstackCOMRAM 00003D
GPIO_PORT_Initialize@Ret            cstackCOMRAM 000043
GPIO_PORT_Initialize@_port          cstackCOMRAM 000042
GPIO_PORT_Write_logic@Ret           cstackCOMRAM 000041
GPIO_PORT_Write_logic@_logic        cstackCOMRAM 00003E
GPIO_PORT_Write_logic@_port         cstackCOMRAM 00003D
Interuupt_INT0_Initialize@_INT0     cstackCOMRAM 000045
_GPIO_PIN_Give_Direction            text3        0011A4
_GPIO_PORT_Give_Direction           text6        00132C
_GPIO_PORT_Initialize               text4        001376
_GPIO_PORT_Write_logic              text5        0012E2
_INT0_ISR                           text9        001460
_INT0_InterruptManager              bssCOMRAM    00004B
_INTCON2bits                        (abs)        000FF1
_INTCONbits                         (abs)        000FF2
_ISR_FUNC                           text10       001490
_Initialize                         text1        0014BA
_InterruptMangerHigh                intcode      000008
_InterruptMangerLow                 intcodelo    000018
_Interuupt_INT0_Initialize          text2        00128A
_LATA                               (abs)        000F89
_LATB                               (abs)        000F8A
_LATC                               (abs)        000F8B
_LATD                               (abs)        000F8C
_LATE                               (abs)        000F8D
_LAT_REG                            dataCOMRAM   000001
_PORTA                              (abs)        000F80
_PORTB                              (abs)        000F81
_PORTC                              (abs)        000F82
_PORTD                              (abs)        000F83
_PORTE                              (abs)        000F84
_PORT_REG                           dataCOMRAM   000015
_RET                                dataCOMRAM   00002F
_TRISA                              (abs)        000F92
_TRISB                              (abs)        000F93
_TRISC                              (abs)        000F94
_TRISD                              (abs)        000F95
_TRISE                              (abs)        000F96
_TRIS_REG                           dataCOMRAM   00000B
__HRAM                              (abs)        000000
__H__absolute__                     __absolute__ 000000
__Habs1                             abs1         000000
__Hbank0                            bank0        000000
__Hbank1                            bank1        000000
__Hbank10                           bank10       000000
__Hbank11                           bank11       000000
__Hbank12                           bank12       000000
__Hbank13                           bank13       000000
__Hbank14                           bank14       000000
__Hbank15                           bank15       000000
__Hbank2                            bank2        000000
__Hbank3                            bank3        000000
__Hbank4                            bank4        000000
__Hbank5                            bank5        000000
__Hbank6                            bank6        000000
__Hbank7                            bank7        000000
__Hbank8                            bank8        000000
__Hbank9                            bank9        000000
__Hbigbss                           bigbss       000000
__Hbigdata                          bigdata      000000
__Hbigram                           bigram       000000
__Hbigsfr                           bigsfr       000000
__Hbss                              bss          000000
__HbssCOMRAM                        bssCOMRAM    000000
__Hcinit                            cinit        000000
__Hclrtext                          clrtext      000000
__Hcomram                           comram       000000
__Hconfig                           config       30000E
__Hconst                            const        000000
__HcstackCOMRAM                     cstackCOMRAM 000000
__Hdata                             data         000000
__HdataCOMRAM                       dataCOMRAM   000000
__Heeprom_data                      eeprom_data  000000
__Hfarbss                           farbss       000000
__Hfardata                          fardata      000000
__Hheap                             heap         000000
__Hibigdata                         ibigdata     000000
__Hidata                            idata        000000
__HidataCOMRAM                      idataCOMRAM  000000
__Hidloc                            idloc        000000
__Hifardata                         ifardata     000000
__Hinit                             init         00002A
__Hintcode                          intcode      00000E
__Hintcode_body                     intcode_body 000000
__Hintcodelo                        intcodelo    000026
__Hintentry                         intentry     000000
__Hintret                           intret       000000
__Hintsave_regs                     intsave_regs 000000
__Hirdata                           irdata       000000
__Hmediumconst                      mediumconst  000000
__HnvFARRAM                         nvFARRAM     000000
__Hnvbit                            nvbit        000000
__Hnvrram                           nvrram       000000
__Hparam                            rparam       000000
__Hpowerup                          powerup      000026
__Hram                              ram          000000
__Hramtop                           ramtop       001000
__Hrbit                             rbit         000000
__Hrbss                             rbss         000000
__Hrdata                            rdata        000000
__Hreset_vec                        reset_vec    000004
__Hrparam                           rparam       000000
__Hsfr                              sfr          000000
__Hsmallconst                       smallconst   001002
__Hspace_0                          (abs)        0014CC
__Hspace_1                          (abs)        00004F
__Hspace_2                          (abs)        000000
__Hspace_4                          (abs)        60000E
__Hstack                            stack        000000
__Hstruct                           struct       000000
__Htemp                             temp         00004F
__Htext                             text         000000
__Htext0                            text0        000000
__Htext1                            text1        000000
__Htext10                           text10       000000
__Htext11                           text11       000000
__Htext2                            text2        000000
__Htext3                            text3        000000
__Htext4                            text4        000000
__Htext5                            text5        000000
__Htext6                            text6        000000
__Htext9                            text9        000000
__LRAM                              (abs)        000001
__L__absolute__                     __absolute__ 000000
__Labs1                             abs1         000000
__Lbank0                            bank0        000000
__Lbank1                            bank1        000000
__Lbank10                           bank10       000000
__Lbank11                           bank11       000000
__Lbank12                           bank12       000000
__Lbank13                           bank13       000000
__Lbank14                           bank14       000000
__Lbank15                           bank15       000000
__Lbank2                            bank2        000000
__Lbank3                            bank3        000000
__Lbank4                            bank4        000000
__Lbank5                            bank5        000000
__Lbank6                            bank6        000000
__Lbank7                            bank7        000000
__Lbank8                            bank8        000000
__Lbank9                            bank9        000000
__Lbigbss                           bigbss       000000
__Lbigdata                          bigdata      000000
__Lbigram                           bigram       000000
__Lbigsfr                           bigsfr       000000
__Lbss                              bss          000000
__LbssCOMRAM                        bssCOMRAM    000000
__Lcinit                            cinit        000000
__Lclrtext                          clrtext      000000
__Lcomram                           comram       000000
__Lconfig                           config       000000
__Lconst                            const        000000
__LcstackCOMRAM                     cstackCOMRAM 000000
__Ldata                             data         000000
__LdataCOMRAM                       dataCOMRAM   000000
__Leeprom_data                      eeprom_data  000000
__Lfarbss                           farbss       000000
__Lfardata                          fardata      000000
__Lheap                             heap         000000
__Libigdata                         ibigdata     000000
__Lidata                            idata        000000
__LidataCOMRAM                      idataCOMRAM  000000
__Lidloc                            idloc        000000
__Lifardata                         ifardata     000000
__Linit                             init         000026
__Lintcode                          intcode      000008
__Lintcode_body                     intcode_body 000000
__Lintcodelo                        intcodelo    000018
__Lintentry                         intentry     000000
__Lintret                           intret       000000
__Lintsave_regs                     intsave_regs 000000
__Lirdata                           irdata       000000
__Lmediumconst                      mediumconst  000000
__LnvFARRAM                         nvFARRAM     000000
__Lnvbit                            nvbit        000000
__Lnvrram                           nvrram       000000
__Lparam                            rparam       000000
__Lpowerup                          powerup      000026
__Lram                              ram          000000
__Lramtop                           ramtop       001000
__Lrbit                             rbit         000000
__Lrbss                             rbss         000000
__Lrdata                            rdata        000000
__Lreset_vec                        reset_vec    000000
__Lrparam                           rparam       000000
__Lsfr                              sfr          000000
__Lsmallconst                       smallconst   001000
__Lspace_0                          (abs)        000000
__Lspace_1                          (abs)        000000
__Lspace_2                          (abs)        000000
__Lspace_4                          (abs)        000000
__Lstack                            stack        000000
__Lstruct                           struct       000000
__Ltemp                             temp         00004E
__Ltext                             text         000000
__Ltext0                            text0        000000
__Ltext1                            text1        000000
__Ltext10                           text10       000000
__Ltext11                           text11       000000
__Ltext2                            text2        000000
__Ltext3                            text3        000000
__Ltext4                            text4        000000
__Ltext5                            text5        000000
__Ltext6                            text6        000000
__Ltext9                            text9        000000
__S0                                (abs)        0014CC
__S1                                (abs)        00004F
__S4                                (abs)        000000
__S5                                (abs)        000000
___heap_hi                          (abs)        000000
___heap_lo                          (abs)        000000
___inthi_sp                         stack        000000
___inthi_stack_hi                   stack        000000
___inthi_stack_lo                   stack        000000
___intlo_sp                         stack        000000
___intlo_stack_hi                   stack        000000
___intlo_stack_lo                   stack        000000
___param_bank                       (abs)        000000
___rparam_used                      (abs)        000001
___sp                               stack        000000
___stack_hi                         stack        000000
___stack_lo                         stack        000000
__accesstop                         (abs)        000080
__activetblptr                      (abs)        000002
__end_of_GPIO_PIN_Give_Direction    text3        00128A
__end_of_GPIO_PORT_Give_Direction   text6        001376
__end_of_GPIO_PORT_Initialize       text4        0013B8
__end_of_GPIO_PORT_Write_logic      text5        00132C
__end_of_INT0_ISR                   text9        001490
__end_of_ISR_FUNC                   text10       0014BA
__end_of_Initialize                 text1        0014CC
__end_of_InterruptMangerHigh        intcode_body 001460
__end_of_InterruptMangerLow         intcodelo    000026
__end_of_Interuupt_INT0_Initialize  text2        0012E2
__end_of__initialization            cinit        00141C
__end_of_main                       text0        0011A4
__initialization                    cinit        0013F2
__int0                              dataCOMRAM   000030
__mediumconst                       mediumconst  000000
__pbssCOMRAM                        bssCOMRAM    000049
__pcinit                            cinit        0013F2
__pcstackCOMRAM                     cstackCOMRAM 00003A
__pdataCOMRAM                       dataCOMRAM   000001
__pidataCOMRAM                      idataCOMRAM  0013B8
__pintcode                          intcode      000008
__pintcode_body                     intcode_body 00142A
__pintcodelo                        intcodelo    000018
__portc                             dataCOMRAM   000037
__psmallconst                       smallconst   001000
__ptext0                            text0        001002
__ptext1                            text1        0014BA
__ptext10                           text10       001490
__ptext11                           text11       000000
__ptext2                            text2        00128A
__ptext3                            text3        0011A4
__ptext4                            text4        001376
__ptext5                            text5        0012E2
__ptext6                            text6        00132C
__ptext9                            text9        001460
__ramtop                            ramtop       001000
__smallconst                        smallconst   001000
_counter                            bssCOMRAM    00004D
_flag                               bssCOMRAM    000049
_forwerd_num                        dataCOMRAM   000027
_main                               text0        001002
_reverse_num                        dataCOMRAM   00001F
btemp                               temp         00004E
end_of_initialization               cinit        00141C
int$flags                           temp         00004E
int_func                            intcode_body 00142A
intlevel0                           text         000000
intlevel1                           text         000000
intlevel2                           text         000000
intlevel3                           text         000000
isa$std                             (abs)        000001
isa$xinst                           (abs)        000000
stackhi                             (abs)        000000
stacklo                             (abs)        000000
start                               init         000026
start_initialization                cinit        0013F2
ttemp5                              temp         00004F
ttemp6                              temp         000052
ttemp7                              temp         000056
wtemp8                              temp         00004F


MODULE INFORMATION

Module		Function		Class		Link	Load	Size
MCAL_LAYER/Interrupt/Interrupt_Manager.c
		_InterruptMangerLow		CODE           	0018	0000	14
		_InterruptMangerHigh		CODE           	0008	0000	60

MCAL_LAYER/Interrupt/Interrupt_Manager.c estimated size: 74

MCAL_LAYER/GPIO_hal.c
		_GPIO_PIN_Give_Direction		CODE           	11A4	0000	230
		_GPIO_PORT_Initialize		CODE           	1376	0000	66
		_GPIO_PORT_Give_Direction		CODE           	132C	0000	74
		_GPIO_PORT_Write_logic		CODE           	12E2	0000	74

MCAL_LAYER/GPIO_hal.c estimated size: 444

MCAL_LAYER/Interrupt/External_Interrupt.c
		_Interuupt_INT0_Initialize		CODE           	128A	0000	88
		_INT0_ISR      		CODE           	1460	0000	48

MCAL_LAYER/Interrupt/External_Interrupt.c estimated size: 136

shared
		__initialization		CODE           	13F2	0000	42

shared estimated size: 42

Lighting_Mode.c
		_ISR_FUNC      		CODE           	1490	0000	42
		_main          		CODE           	1002	0000	418
		_Initialize    		CODE           	14BA	0000	18

Lighting_Mode.c estimated size: 478

